Point 0 : {2}
Seed 0 : {1}
0 60
Point 0 : {12}
Seed 0 : {11}
0 55
